// Jest Snapshot v1, https://goo.gl/fbAQLP

exports[`App component should render without crashing 1`] = `
<div>
  <div>
    <Header />
    <Book />
    <div>
      <span>
        Report this listing
      </span>
    </div>
  </div>
</div>
`;
